Welcome to the CBC MILP Solver 
Version: 2.10.3 
Build Date: Dec 15 2019 

command line - C:\Users\Aryane\AppData\Roaming\Python\Python312\site-packages\pulp\solverdir\cbc\win\64\cbc.exe C:\Users\Aryane\AppData\Local\Temp\4487d4107163411290a089070d459897-pulp.mps -max -sec 900 -timeMode elapsed -branch -printingOptions all -solution C:\Users\Aryane\AppData\Local\Temp\4487d4107163411290a089070d459897-pulp.sol (default strategy 1)
At line 2 NAME          MODEL
At line 3 ROWS
At line 43 COLUMNS
At line 180 RHS
At line 219 BOUNDS
At line 240 ENDATA
Problem MODEL has 38 rows, 20 columns and 76 elements
Coin0008I MODEL read with 0 errors
seconds was changed from 1e+100 to 900
Option for timeMode changed from cpu to elapsed
Continuous objective value is 10 - 0.00 seconds
Cgl0003I 0 fixed, 0 tightened bounds, 3 strengthened rows, 0 substitutions
Cgl0003I 0 fixed, 0 tightened bounds, 3 strengthened rows, 0 substitutions
Cgl0003I 0 fixed, 0 tightened bounds, 2 strengthened rows, 0 substitutions
Cgl0004I processed model has 24 rows, 18 columns (18 integer (18 of which binary)) and 51 elements
Cutoff increment increased from 1e-05 to 0.9999
Cbc0038I Initial state - 14 integers unsatisfied sum - 7
Cbc0038I Solution found of -2
Cbc0038I Before mini branch and bound, 4 integers at bound fixed and 0 continuous
Cbc0038I Full problem 24 rows 18 columns, reduced to 8 rows 8 columns
Cbc0038I Mini branch and bound improved solution from -2 to -9 (0.01 seconds)
Cbc0038I After 0.01 seconds - Feasibility pump exiting with objective of -9 - took 0.00 seconds
Cbc0012I Integer solution of -9 found by feasibility pump after 0 iterations and 0 nodes (0.01 seconds)
Cbc0001I Search completed - best objective -9, took 0 iterations and 0 nodes (0.01 seconds)
Cbc0035I Maximum depth 0, 0 variables fixed on reduced cost
Cuts at root node changed objective from -9 to -9
Probing was tried 0 times and created 0 cuts of which 0 were active after adding rounds of cuts (0.000 seconds)
Gomory was tried 0 times and created 0 cuts of which 0 were active after adding rounds of cuts (0.000 seconds)
Knapsack was tried 0 times and created 0 cuts of which 0 were active after adding rounds of cuts (0.000 seconds)
Clique was tried 0 times and created 0 cuts of which 0 were active after adding rounds of cuts (0.000 seconds)
MixedIntegerRounding2 was tried 0 times and created 0 cuts of which 0 were active after adding rounds of cuts (0.000 seconds)
FlowCover was tried 0 times and created 0 cuts of which 0 were active after adding rounds of cuts (0.000 seconds)
TwoMirCuts was tried 0 times and created 0 cuts of which 0 were active after adding rounds of cuts (0.000 seconds)
ZeroHalf was tried 0 times and created 0 cuts of which 0 were active after adding rounds of cuts (0.000 seconds)

Result - Optimal solution found

Objective value:                9.00000000
Enumerated nodes:               0
Total iterations:               0
Time (CPU seconds):             0.01
Time (Wallclock seconds):       0.01

Option for printingOptions changed from normal to all
Total time (CPU seconds):       0.03   (Wallclock seconds):       0.03

