Welcome to the CBC MILP Solver 
Version: 2.10.3 
Build Date: Dec 15 2019 

command line - C:\Users\Aryane\AppData\Roaming\Python\Python312\site-packages\pulp\solverdir\cbc\win\64\cbc.exe C:\Users\Aryane\AppData\Local\Temp\29acfde907804c218ab2c4a61c85230f-pulp.mps -max -sec 900 -timeMode elapsed -branch -printingOptions all -solution C:\Users\Aryane\AppData\Local\Temp\29acfde907804c218ab2c4a61c85230f-pulp.sol (default strategy 1)
At line 2 NAME          MODEL
At line 3 ROWS
At line 33 COLUMNS
At line 118 RHS
At line 147 BOUNDS
At line 168 ENDATA
Problem MODEL has 28 rows, 20 columns and 64 elements
Coin0008I MODEL read with 0 errors
seconds was changed from 1e+100 to 900
Option for timeMode changed from cpu to elapsed
Presolve 25 (-3) rows, 18 (-2) columns and 53 (-11) elements
Perturbing problem by 0.001% of 1 - largest nonzero change 0.00090605467 ( 0.090605467%) - largest zero change 0
0  Obj 1 Dual inf 17.997701 (18)
12  Obj 8.9995236
Optimal - objective value 9
After Postsolve, objective 9, infeasibilities - dual 0 (0), primal 0 (0)
Optimal objective 9 - 12 iterations time 0.002, Presolve 0.00
Option for printingOptions changed from normal to all
Total time (CPU seconds):       0.05   (Wallclock seconds):       0.05

